Algol60> Lexical analysis successful
Algol60> Syntactic analysis successful
┌───────────────────────────────────────────────┐
│ level: 0, tableNumber: 0                      │
├───────────────────────────────────────────────┤
│ Procedure: void outstring(integer, string)    │
│ Procedure: void outboolean(integer, boolean)  │
│ Procedure: void outinteger(integer, integer)  │
│ Procedure: void outreal(integer, real)        │
│ Procedure: void inreal(integer, real)         │
│ Procedure: void ininteger(integer, integer)   │
│ Procedure: integer entier(real)               │
└───────────────────────────────────────────────┘
    ┌──────────────────────────────────────────────────────────┐
    │ level: 1, tableNumber: 1                                 │
    ├──────────────────────────────────────────────────────────┤
    │ Procedure: integer max(integer array, integer, integer)  │
    │ Array: integer array a[1:3]                              │
    └──────────────────────────────────────────────────────────┘
        ┌──────────────────────────────────────────┐
        │ level: 2, tableNumber: 2                 │
        ├──────────────────────────────────────────┤
        │ Array: integer array arr[] (value param) │
        │ Variable: integer a (value param)        │
        │ Variable: integer b (value param)        │
        │ Variable: integer max (proc. result)     │
        │ Variable: integer i                      │
        │ Variable: integer result                 │
        └──────────────────────────────────────────┘
            ┌──────────────────────────┐
            │ level: 3, tableNumber: 3 │
            ├──────────────────────────┤
            └──────────────────────────┘

Algol60> Semantic analysis successful
