Algol60> Lexical analysis successful
Algol60> Syntactic analysis successful
┌───────────────────────────────────────────────┐
│ level: 0, tableNumber: 0                      │
├───────────────────────────────────────────────┤
│ Procedure: void outstring(integer, string)    │
│ Procedure: void outboolean(integer, boolean)  │
│ Procedure: void outinteger(integer, integer)  │
│ Procedure: void outreal(integer, real)        │
│ Procedure: void inreal(integer, real)         │
│ Procedure: void ininteger(integer, integer)   │
│ Procedure: integer entier(real)               │
└───────────────────────────────────────────────┘
    ┌───────────────────────────────────────────────┐
    │ level: 1, tableNumber: 1                      │
    ├───────────────────────────────────────────────┤
    │ Procedure: integer getMessageNumber(integer)  │
    │ Variable: integer a                           │
    └───────────────────────────────────────────────┘
        ┌───────────────────────────────────────────────────┐
        │ level: 2, tableNumber: 2                          │
        ├───────────────────────────────────────────────────┤
        │ Variable: integer grade (value param)             │
        │ Variable: integer getMessageNumber (proc. result) │
        └───────────────────────────────────────────────────┘
            ┌──────────────────────────┐
            │ level: 3, tableNumber: 3 │
            ├──────────────────────────┤
            │ Variable: real a         │
            └──────────────────────────┘
        ┌────────────────────────────────────┐
        │ level: 2, tableNumber: 4           │
        ├────────────────────────────────────┤
        │ Array: string array messages[?:3]  │
        │ Variable: string msg               │
        └────────────────────────────────────┘

Algol60> Semantic analysis successful
